Archive member included to satisfy reference by file (symbol)

c:/st/stm32cubeide_1.10.1/stm32cubeide/plugins/com.st.stm32cube.ide.mcu.externaltools.gnu-tools-for-stm32.10.3-2021.10.win32_1.0.0.202111181127/tools/bin/../lib/gcc/arm-none-eabi/10.3.1/../../../../arm-none-eabi/lib/thumb/v7e-m+fp/hard\libc_nano.a(lib_a-errno.o)
                              ./Core/Src/syscalls.o (__errno)
c:/st/stm32cubeide_1.10.1/stm32cubeide/plugins/com.st.stm32cube.ide.mcu.externaltools.gnu-tools-for-stm32.10.3-2021.10.win32_1.0.0.202111181127/tools/bin/../lib/gcc/arm-none-eabi/10.3.1/../../../../arm-none-eabi/lib/thumb/v7e-m+fp/hard\libc_nano.a(lib_a-exit.o)
                              c:/st/stm32cubeide_1.10.1/stm32cubeide/plugins/com.st.stm32cube.ide.mcu.externaltools.gnu-tools-for-stm32.10.3-2021.10.win32_1.0.0.202111181127/tools/bin/../lib/gcc/arm-none-eabi/10.3.1/../../../../arm-none-eabi/lib/thumb/v7e-m+fp/hard/crt0.o (exit)
c:/st/stm32cubeide_1.10.1/stm32cubeide/plugins/com.st.stm32cube.ide.mcu.externaltools.gnu-tools-for-stm32.10.3-2021.10.win32_1.0.0.202111181127/tools/bin/../lib/gcc/arm-none-eabi/10.3.1/../../../../arm-none-eabi/lib/thumb/v7e-m+fp/hard\libc_nano.a(lib_a-impure.o)
                              c:/st/stm32cubeide_1.10.1/stm32cubeide/plugins/com.st.stm32cube.ide.mcu.externaltools.gnu-tools-for-stm32.10.3-2021.10.win32_1.0.0.202111181127/tools/bin/../lib/gcc/arm-none-eabi/10.3.1/../../../../arm-none-eabi/lib/thumb/v7e-m+fp/hard\libc_nano.a(lib_a-exit.o) (_global_impure_ptr)
c:/st/stm32cubeide_1.10.1/stm32cubeide/plugins/com.st.stm32cube.ide.mcu.externaltools.gnu-tools-for-stm32.10.3-2021.10.win32_1.0.0.202111181127/tools/bin/../lib/gcc/arm-none-eabi/10.3.1/../../../../arm-none-eabi/lib/thumb/v7e-m+fp/hard\libc_nano.a(lib_a-init.o)
                              c:/st/stm32cubeide_1.10.1/stm32cubeide/plugins/com.st.stm32cube.ide.mcu.externaltools.gnu-tools-for-stm32.10.3-2021.10.win32_1.0.0.202111181127/tools/bin/../lib/gcc/arm-none-eabi/10.3.1/../../../../arm-none-eabi/lib/thumb/v7e-m+fp/hard/crt0.o (__libc_init_array)
c:/st/stm32cubeide_1.10.1/stm32cubeide/plugins/com.st.stm32cube.ide.mcu.externaltools.gnu-tools-for-stm32.10.3-2021.10.win32_1.0.0.202111181127/tools/bin/../lib/gcc/arm-none-eabi/10.3.1/../../../../arm-none-eabi/lib/thumb/v7e-m+fp/hard\libc_nano.a(lib_a-memcpy-stub.o)
                              ./workable_common/ThirdParty/FreeRTOS/queue.o (memcpy)
c:/st/stm32cubeide_1.10.1/stm32cubeide/plugins/com.st.stm32cube.ide.mcu.externaltools.gnu-tools-for-stm32.10.3-2021.10.win32_1.0.0.202111181127/tools/bin/../lib/gcc/arm-none-eabi/10.3.1/../../../../arm-none-eabi/lib/thumb/v7e-m+fp/hard\libc_nano.a(lib_a-memset.o)
                              c:/st/stm32cubeide_1.10.1/stm32cubeide/plugins/com.st.stm32cube.ide.mcu.externaltools.gnu-tools-for-stm32.10.3-2021.10.win32_1.0.0.202111181127/tools/bin/../lib/gcc/arm-none-eabi/10.3.1/../../../../arm-none-eabi/lib/thumb/v7e-m+fp/hard/crt0.o (memset)
c:/st/stm32cubeide_1.10.1/stm32cubeide/plugins/com.st.stm32cube.ide.mcu.externaltools.gnu-tools-for-stm32.10.3-2021.10.win32_1.0.0.202111181127/tools/bin/../lib/gcc/arm-none-eabi/10.3.1/../../../../arm-none-eabi/lib/thumb/v7e-m+fp/hard\libc_nano.a(lib_a-strlen.o)
                              ./workable_common/ThirdParty/FreeRTOS/tasks.o (strlen)
c:/st/stm32cubeide_1.10.1/stm32cubeide/plugins/com.st.stm32cube.ide.mcu.externaltools.gnu-tools-for-stm32.10.3-2021.10.win32_1.0.0.202111181127/tools/bin/../lib/gcc/arm-none-eabi/10.3.1/thumb/v7e-m+fp/hard\libgcc.a(_aeabi_uldivmod.o)
                              ./Drivers/STM32F4xx_HAL_Driver/Src/stm32f4xx_hal_rcc.o (__aeabi_uldivmod)
c:/st/stm32cubeide_1.10.1/stm32cubeide/plugins/com.st.stm32cube.ide.mcu.externaltools.gnu-tools-for-stm32.10.3-2021.10.win32_1.0.0.202111181127/tools/bin/../lib/gcc/arm-none-eabi/10.3.1/thumb/v7e-m+fp/hard\libgcc.a(_udivmoddi4.o)
                              c:/st/stm32cubeide_1.10.1/stm32cubeide/plugins/com.st.stm32cube.ide.mcu.externaltools.gnu-tools-for-stm32.10.3-2021.10.win32_1.0.0.202111181127/tools/bin/../lib/gcc/arm-none-eabi/10.3.1/thumb/v7e-m+fp/hard\libgcc.a(_aeabi_uldivmod.o) (__udivmoddi4)
c:/st/stm32cubeide_1.10.1/stm32cubeide/plugins/com.st.stm32cube.ide.mcu.externaltools.gnu-tools-for-stm32.10.3-2021.10.win32_1.0.0.202111181127/tools/bin/../lib/gcc/arm-none-eabi/10.3.1/thumb/v7e-m+fp/hard\libgcc.a(_dvmd_tls.o)
                              c:/st/stm32cubeide_1.10.1/stm32cubeide/plugins/com.st.stm32cube.ide.mcu.externaltools.gnu-tools-for-stm32.10.3-2021.10.win32_1.0.0.202111181127/tools/bin/../lib/gcc/arm-none-eabi/10.3.1/thumb/v7e-m+fp/hard\libgcc.a(_aeabi_uldivmod.o) (__aeabi_ldiv0)

Discarded input sections

 .text          0x0000000000000000        0x0 c:/st/stm32cubeide_1.10.1/stm32cubeide/plugins/com.st.stm32cube.ide.mcu.externaltools.gnu-tools-for-stm32.10.3-2021.10.win32_1.0.0.202111181127/tools/bin/../lib/gcc/arm-none-eabi/10.3.1/thumb/v7e-m+fp/hard/crti.o
[...]
Memory Configuration

Name             Origin             Length             Attributes
CCMRAM           0x0000000010000000 0x0000000000010000 xrw
RAM              0x0000000020000000 0x0000000000020000 xrw
FLASH            0x0000000008000000 0x0000000000100000 xr
*default*        0x0000000000000000 0xffffffffffffffff

Linker script and memory map

LOAD c:/st/stm32cubeide_1.10.1/stm32cubeide/plugins/com.st.stm32cube.ide.mcu.externaltools.gnu-tools-for-stm32.10.3-2021.10.win32_1.0.0.202111181127/tools/bin/../lib/gcc/arm-none-eabi/10.3.1/thumb/v7e-m+fp/hard/crti.o
LOAD c:/st/stm32cubeide_1.10.1/stm32cubeide/plugins/com.st.stm32cube.ide.mcu.externaltools.gnu-tools-for-stm32.10.3-2021.10.win32_1.0.0.202111181127/tools/bin/../lib/gcc/arm-none-eabi/10.3.1/thumb/v7e-m+fp/hard/crtbegin.o
LOAD c:/st/stm32cubeide_1.10.1/stm32cubeide/plugins/com.st.stm32cube.ide.mcu.externaltools.gnu-tools-for-stm32.10.3-2021.10.win32_1.0.0.202111181127/tools/bin/../lib/gcc/arm-none-eabi/10.3.1/../../../../arm-none-eabi/lib/thumb/v7e-m+fp/hard/crt0.o
LOAD ./Core/Src/main.o
LOAD ./Core/Src/stm32f4xx_hal_msp.o
LOAD ./Core/Src/stm32f4xx_hal_timebase_tim.o
LOAD ./Core/Src/stm32f4xx_it.o
LOAD ./Core/Src/syscalls.o
LOAD ./Core/Src/sysmem.o
LOAD ./Core/Src/system_stm32f4xx.o
LOAD ./Core/Startup/startup_stm32f407vgtx.o
LOAD ./Drivers/STM32F4xx_HAL_Driver/Src/stm32f4xx_hal.o
LOAD ./Drivers/STM32F4xx_HAL_Driver/Src/stm32f4xx_hal_cortex.o
LOAD ./Drivers/STM32F4xx_HAL_Driver/Src/stm32f4xx_hal_dma.o
LOAD ./Drivers/STM32F4xx_HAL_Driver/Src/stm32f4xx_hal_dma_ex.o
LOAD ./Drivers/STM32F4xx_HAL_Driver/Src/stm32f4xx_hal_exti.o
LOAD ./Drivers/STM32F4xx_HAL_Driver/Src/stm32f4xx_hal_flash.o
LOAD ./Drivers/STM32F4xx_HAL_Driver/Src/stm32f4xx_hal_flash_ex.o
LOAD ./Drivers/STM32F4xx_HAL_Driver/Src/stm32f4xx_hal_flash_ramfunc.o
LOAD ./Drivers/STM32F4xx_HAL_Driver/Src/stm32f4xx_hal_gpio.o
LOAD ./Drivers/STM32F4xx_HAL_Driver/Src/stm32f4xx_hal_pwr.o
LOAD ./Drivers/STM32F4xx_HAL_Driver/Src/stm32f4xx_hal_pwr_ex.o
LOAD ./Drivers/STM32F4xx_HAL_Driver/Src/stm32f4xx_hal_rcc.o
LOAD ./Drivers/STM32F4xx_HAL_Driver/Src/stm32f4xx_hal_rcc_ex.o
LOAD ./Drivers/STM32F4xx_HAL_Driver/Src/stm32f4xx_hal_tim.o
LOAD ./Drivers/STM32F4xx_HAL_Driver/Src/stm32f4xx_hal_tim_ex.o
LOAD ./Drivers/STM32F4xx_HAL_Driver/Src/stm32f4xx_hal_uart.o
LOAD ./workable_common/ThirdParty/FreeRTOS/croutine.o
LOAD ./workable_common/ThirdParty/FreeRTOS/event_groups.o
LOAD ./workable_common/ThirdParty/FreeRTOS/list.o
LOAD ./workable_common/ThirdParty/FreeRTOS/queue.o
LOAD ./workable_common/ThirdParty/FreeRTOS/stream_buffer.o
LOAD ./workable_common/ThirdParty/FreeRTOS/tasks.o
LOAD ./workable_common/ThirdParty/FreeRTOS/timers.o
LOAD ./workable_common/ThirdParty/FreeRTOS/portable/GCC/ARM_CM4F/port.o
LOAD ./workable_common/ThirdParty/FreeRTOS/portable/MemMang/heap_4.o
START GROUP
LOAD c:/st/stm32cubeide_1.10.1/stm32cubeide/plugins/com.st.stm32cube.ide.mcu.externaltools.gnu-tools-for-stm32.10.3-2021.10.win32_1.0.0.202111181127/tools/bin/../lib/gcc/arm-none-eabi/10.3.1/../../../../arm-none-eabi/lib/thumb/v7e-m+fp/hard\libc_nano.a
LOAD c:/st/stm32cubeide_1.10.1/stm32cubeide/plugins/com.st.stm32cube.ide.mcu.externaltools.gnu-tools-for-stm32.10.3-2021.10.win32_1.0.0.202111181127/tools/bin/../lib/gcc/arm-none-eabi/10.3.1/../../../../arm-none-eabi/lib/thumb/v7e-m+fp/hard\libm.a
END GROUP
START GROUP
LOAD c:/st/stm32cubeide_1.10.1/stm32cubeide/plugins/com.st.stm32cube.ide.mcu.externaltools.gnu-tools-for-stm32.10.3-2021.10.win32_1.0.0.202111181127/tools/bin/../lib/gcc/arm-none-eabi/10.3.1/thumb/v7e-m+fp/hard\libgcc.a
LOAD c:/st/stm32cubeide_1.10.1/stm32cubeide/plugins/com.st.stm32cube.ide.mcu.externaltools.gnu-tools-for-stm32.10.3-2021.10.win32_1.0.0.202111181127/tools/bin/../lib/gcc/arm-none-eabi/10.3.1/../../../../arm-none-eabi/lib/thumb/v7e-m+fp/hard\libc_nano.a
END GROUP
START GROUP
LOAD c:/st/stm32cubeide_1.10.1/stm32cubeide/plugins/com.st.stm32cube.ide.mcu.externaltools.gnu-tools-for-stm32.10.3-2021.10.win32_1.0.0.202111181127/tools/bin/../lib/gcc/arm-none-eabi/10.3.1/thumb/v7e-m+fp/hard\libgcc.a
LOAD c:/st/stm32cubeide_1.10.1/stm32cubeide/plugins/com.st.stm32cube.ide.mcu.externaltools.gnu-tools-for-stm32.10.3-2021.10.win32_1.0.0.202111181127/tools/bin/../lib/gcc/arm-none-eabi/10.3.1/../../../../arm-none-eabi/lib/thumb/v7e-m+fp/hard\libc_nano.a
LOAD c:/st/stm32cubeide_1.10.1/stm32cubeide/plugins/com.st.stm32cube.ide.mcu.externaltools.gnu-tools-for-stm32.10.3-2021.10.win32_1.0.0.202111181127/tools/bin/../lib/gcc/arm-none-eabi/10.3.1/../../../../arm-none-eabi/lib/thumb/v7e-m+fp/hard\libnosys.a
END GROUP
START GROUP
LOAD c:/st/stm32cubeide_1.10.1/stm32cubeide/plugins/com.st.stm32cube.ide.mcu.externaltools.gnu-tools-for-stm32.10.3-2021.10.win32_1.0.0.202111181127/tools/bin/../lib/gcc/arm-none-eabi/10.3.1/thumb/v7e-m+fp/hard\libgcc.a
LOAD c:/st/stm32cubeide_1.10.1/stm32cubeide/plugins/com.st.stm32cube.ide.mcu.externaltools.gnu-tools-for-stm32.10.3-2021.10.win32_1.0.0.202111181127/tools/bin/../lib/gcc/arm-none-eabi/10.3.1/../../../../arm-none-eabi/lib/thumb/v7e-m+fp/hard\libc_nano.a
LOAD c:/st/stm32cubeide_1.10.1/stm32cubeide/plugins/com.st.stm32cube.ide.mcu.externaltools.gnu-tools-for-stm32.10.3-2021.10.win32_1.0.0.202111181127/tools/bin/../lib/gcc/arm-none-eabi/10.3.1/../../../../arm-none-eabi/lib/thumb/v7e-m+fp/hard\libnosys.a
END GROUP
LOAD c:/st/stm32cubeide_1.10.1/stm32cubeide/plugins/com.st.stm32cube.ide.mcu.externaltools.gnu-tools-for-stm32.10.3-2021.10.win32_1.0.0.202111181127/tools/bin/../lib/gcc/arm-none-eabi/10.3.1/thumb/v7e-m+fp/hard/crtend.o
LOAD c:/st/stm32cubeide_1.10.1/stm32cubeide/plugins/com.st.stm32cube.ide.mcu.externaltools.gnu-tools-for-stm32.10.3-2021.10.win32_1.0.0.202111181127/tools/bin/../lib/gcc/arm-none-eabi/10.3.1/thumb/v7e-m+fp/hard/crtn.o
                0x0000000020020000                _estack = (ORIGIN (RAM) + LENGTH (RAM))
                0x0000000000000200                _Min_Heap_Size = 0x200
                0x0000000000000400                _Min_Stack_Size = 0x400

.isr_vector     0x0000000008000000      0x188
                0x0000000008000000                . = ALIGN (0x4)
 *(.isr_vector)
 .isr_vector    0x0000000008000000      0x188 ./Core/Startup/startup_stm32f407vgtx.o
                0x0000000008000000                g_pfnVectors
                0x0000000008000188                . = ALIGN (0x4)

.text           0x0000000008000190     0x325c
                0x0000000008000190                . = ALIGN (0x4)
 *(.text)
 .text          0x0000000008000190       0x40 c:/st/stm32cubeide_1.10.1/stm32cubeide/plugins/com.st.stm32cube.ide.mcu.externaltools.gnu-tools-for-stm32.10.3-2021.10.win32_1.0.0.202111181127/tools/bin/../lib/gcc/arm-none-eabi/10.3.1/thumb/v7e-m+fp/hard/crtbegin.o
 .text          0x00000000080001d0       0x30 c:/st/stm32cubeide_1.10.1/stm32cubeide/plugins/com.st.stm32cube.ide.mcu.externaltools.gnu-tools-for-stm32.10.3-2021.10.win32_1.0.0.202111181127/tools/bin/../lib/gcc/arm-none-eabi/10.3.1/thumb/v7e-m+fp/hard\libgcc.a(_aeabi_uldivmod.o)
                0x00000000080001d0                __aeabi_uldivmod
 .text          0x0000000008000200      0x2d0 c:/st/stm32cubeide_1.10.1/stm32cubeide/plugins/com.st.stm32cube.ide.mcu.externaltools.gnu-tools-for-stm32.10.3-2021.10.win32_1.0.0.202111181127/tools/bin/../lib/gcc/arm-none-eabi/10.3.1/thumb/v7e-m+fp/hard\libgcc.a(_udivmoddi4.o)
                0x0000000008000200                __udivmoddi4
 .text          0x00000000080004d0        0x4 c:/st/stm32cubeide_1.10.1/stm32cubeide/plugins/com.st.stm32cube.ide.mcu.externaltools.gnu-tools-for-stm32.10.3-2021.10.win32_1.0.0.202111181127/tools/bin/../lib/gcc/arm-none-eabi/10.3.1/thumb/v7e-m+fp/hard\libgcc.a(_dvmd_tls.o)
                0x00000000080004d0                __aeabi_idiv0
                0x00000000080004d0                __aeabi_ldiv0
 *(.text*)
 .text.main     0x00000000080004d4       0x16 ./Core/Src/main.o
                0x00000000080004d4                main
 *fill*         0x00000000080004ea        0x2 
 .text.SystemClock_Config
                0x00000000080004ec       0xd4 ./Core/Src/main.o
                0x00000000080004ec                SystemClock_Config
 .text.MX_USART2_UART_Init
                0x00000000080005c0       0x54 ./Core/Src/main.o
 .text.MX_GPIO_Init
                0x0000000008000614      0x2bc ./Core/Src/main.o
 .text.HAL_TIM_PeriodElapsedCallback
                0x00000000080008d0       0x24 ./Core/Src/main.o
                0x00000000080008d0                HAL_TIM_PeriodElapsedCallback
 .text.Error_Handler
                0x00000000080008f4        0xa ./Core/Src/main.o
                0x00000000080008f4                Error_Handler
 *fill*         0x00000000080008fe        0x2 
 .text.HAL_MspInit
                0x0000000008000900       0x50 ./Core/Src/stm32f4xx_hal_msp.o
                0x0000000008000900                HAL_MspInit
 .text.HAL_UART_MspInit
                0x0000000008000950       0xa0 ./Core/Src/stm32f4xx_hal_msp.o
                0x0000000008000950                HAL_UART_MspInit
 .text.HAL_InitTick
                0x00000000080009f0       0xf8 ./Core/Src/stm32f4xx_hal_timebase_tim.o
                0x00000000080009f0                HAL_InitTick
 .text.NMI_Handler
                0x0000000008000ae8        0x6 ./Core/Src/stm32f4xx_it.o
                0x0000000008000ae8                NMI_Handler
 .text.HardFault_Handler
                0x0000000008000aee        0x6 ./Core/Src/stm32f4xx_it.o
                0x0000000008000aee                HardFault_Handler
 .text.MemManage_Handler
                0x0000000008000af4        0x6 ./Core/Src/stm32f4xx_it.o
                0x0000000008000af4                MemManage_Handler
 .text.BusFault_Handler
                0x0000000008000afa        0x6 ./Core/Src/stm32f4xx_it.o
                0x0000000008000afa                BusFault_Handler
 .text.UsageFault_Handler
                0x0000000008000b00        0x6 ./Core/Src/stm32f4xx_it.o
                0x0000000008000b00                UsageFault_Handler
 .text.DebugMon_Handler
                0x0000000008000b06        0xe ./Core/Src/stm32f4xx_it.o
                0x0000000008000b06                DebugMon_Handler
 .text.USART2_IRQHandler
                0x0000000008000b14       0x14 ./Core/Src/stm32f4xx_it.o
                0x0000000008000b14                USART2_IRQHandler
 .text.TIM6_DAC_IRQHandler
                0x0000000008000b28       0x14 ./Core/Src/stm32f4xx_it.o
                0x0000000008000b28                TIM6_DAC_IRQHandler
 .text.SystemInit
                0x0000000008000b3c       0x24 ./Core/Src/system_stm32f4xx.o
                0x0000000008000b3c                SystemInit
 .text.Reset_Handler
                0x0000000008000b60       0x50 ./Core/Startup/startup_stm32f407vgtx.o
                0x0000000008000b60                Reset_Handler
 .text.Default_Handler
                0x0000000008000bb0        0x2 ./Core/Startup/startup_stm32f407vgtx.o
                0x0000000008000bb0                RTC_Alarm_IRQHandler
                0x0000000008000bb0                HASH_RNG_IRQHandler
                0x0000000008000bb0                EXTI2_IRQHandler
                0x0000000008000bb0                TIM8_CC_IRQHandler
                0x0000000008000bb0                TIM1_CC_IRQHandler
                0x0000000008000bb0                DMA2_Stream5_IRQHandler
                0x0000000008000bb0                DMA1_Stream5_IRQHandler
                0x0000000008000bb0                PVD_IRQHandler
                0x0000000008000bb0                SDIO_IRQHandler
                0x0000000008000bb0                TAMP_STAMP_IRQHandler
                0x0000000008000bb0                CAN2_RX1_IRQHandler
                0x0000000008000bb0                EXTI3_IRQHandler
                0x0000000008000bb0                TIM8_TRG_COM_TIM14_IRQHandler
                0x0000000008000bb0                TIM1_UP_TIM10_IRQHandler
                0x0000000008000bb0                TIM8_UP_TIM13_IRQHandler
                0x0000000008000bb0                I2C3_ER_IRQHandler
                0x0000000008000bb0                EXTI0_IRQHandler
                0x0000000008000bb0                I2C2_EV_IRQHandler
                0x0000000008000bb0                DMA1_Stream2_IRQHandler
                0x0000000008000bb0                CAN1_RX0_IRQHandler
                0x0000000008000bb0                FPU_IRQHandler
                0x0000000008000bb0                OTG_HS_WKUP_IRQHandler
                0x0000000008000bb0                CAN2_SCE_IRQHandler
                0x0000000008000bb0                DMA2_Stream2_IRQHandler
                0x0000000008000bb0                SPI1_IRQHandler
                0x0000000008000bb0                TIM1_BRK_TIM9_IRQHandler
                0x0000000008000bb0                DCMI_IRQHandler
                0x0000000008000bb0                CAN2_RX0_IRQHandler
                0x0000000008000bb0                DMA2_Stream3_IRQHandler
                0x0000000008000bb0                USART6_IRQHandler
                0x0000000008000bb0                USART3_IRQHandler
                0x0000000008000bb0                CAN1_RX1_IRQHandler
                0x0000000008000bb0                UART5_IRQHandler
                0x0000000008000bb0                DMA2_Stream0_IRQHandler
                0x0000000008000bb0                TIM4_IRQHandler
                0x0000000008000bb0                I2C1_EV_IRQHandler
                0x0000000008000bb0                DMA1_Stream6_IRQHandler
                0x0000000008000bb0                DMA1_Stream1_IRQHandler
                0x0000000008000bb0                UART4_IRQHandler
                0x0000000008000bb0                TIM3_IRQHandler
                0x0000000008000bb0                RCC_IRQHandler
                0x0000000008000bb0                TIM8_BRK_TIM12_IRQHandler
                0x0000000008000bb0                Default_Handler
                0x0000000008000bb0                EXTI15_10_IRQHandler
                0x0000000008000bb0                ADC_IRQHandler
                0x0000000008000bb0                DMA1_Stream7_IRQHandler
                0x0000000008000bb0                TIM7_IRQHandler
                0x0000000008000bb0                CAN2_TX_IRQHandler
                0x0000000008000bb0                TIM5_IRQHandler
                0x0000000008000bb0                DMA2_Stream7_IRQHandler
                0x0000000008000bb0                I2C3_EV_IRQHandler
                0x0000000008000bb0                EXTI9_5_IRQHandler
                0x0000000008000bb0                RTC_WKUP_IRQHandler
                0x0000000008000bb0                ETH_WKUP_IRQHandler
                0x0000000008000bb0                SPI2_IRQHandler
                0x0000000008000bb0                OTG_HS_EP1_IN_IRQHandler
                0x0000000008000bb0                DMA1_Stream0_IRQHandler
                0x0000000008000bb0                CAN1_TX_IRQHandler
                0x0000000008000bb0                EXTI4_IRQHandler
                0x0000000008000bb0                FSMC_IRQHandler
                0x0000000008000bb0                ETH_IRQHandler
                0x0000000008000bb0                OTG_HS_EP1_OUT_IRQHandler
                0x0000000008000bb0                WWDG_IRQHandler
                0x0000000008000bb0                TIM2_IRQHandler
                0x0000000008000bb0                OTG_FS_WKUP_IRQHandler
                0x0000000008000bb0                TIM1_TRG_COM_TIM11_IRQHandler
                0x0000000008000bb0                OTG_HS_IRQHandler
                0x0000000008000bb0                EXTI1_IRQHandler
                0x0000000008000bb0                I2C2_ER_IRQHandler
                0x0000000008000bb0                DMA2_Stream1_IRQHandler
                0x0000000008000bb0                CAN1_SCE_IRQHandler
                0x0000000008000bb0                FLASH_IRQHandler
                0x0000000008000bb0                DMA2_Stream4_IRQHandler
                0x0000000008000bb0                USART1_IRQHandler
                0x0000000008000bb0                OTG_FS_IRQHandler
                0x0000000008000bb0                SPI3_IRQHandler
                0x0000000008000bb0                DMA1_Stream4_IRQHandler
                0x0000000008000bb0                I2C1_ER_IRQHandler
                0x0000000008000bb0                DMA2_Stream6_IRQHandler
                0x0000000008000bb0                DMA1_Stream3_IRQHandler
 *fill*         0x0000000008000bb2        0x2 
 .text.HAL_Init
                0x0000000008000bb4       0x44 ./Drivers/STM32F4xx_HAL_Driver/Src/stm32f4xx_hal.o
                0x0000000008000bb4                HAL_Init
 .text.HAL_IncTick
                0x0000000008000bf8       0x28 ./Drivers/STM32F4xx_HAL_Driver/Src/stm32f4xx_hal.o
                0x0000000008000bf8                HAL_IncTick
 .text.HAL_GetTick
                0x0000000008000c20       0x18 ./Drivers/STM32F4xx_HAL_Driver/Src/stm32f4xx_hal.o
                0x0000000008000c20                HAL_GetTick
 .text.__NVIC_SetPriorityGrouping
                0x0000000008000c38       0x48 ./Drivers/STM32F4xx_HAL_Driver/Src/stm32f4xx_hal_cortex.o
 .text.__NVIC_GetPriorityGrouping
                0x0000000008000c80       0x1c ./Drivers/STM32F4xx_HAL_Driver/Src/stm32f4xx_hal_cortex.o
 .text.__NVIC_EnableIRQ
                0x0000000008000c9c       0x3c ./Drivers/STM32F4xx_HAL_Driver/Src/stm32f4xx_hal_cortex.o
 .text.__NVIC_SetPriority
                0x0000000008000cd8       0x54 ./Drivers/STM32F4xx_HAL_Driver/Src/stm32f4xx_hal_cortex.o
 .text.NVIC_EncodePriority
                0x0000000008000d2c       0x66 ./Drivers/STM32F4xx_HAL_Driver/Src/stm32f4xx_hal_cortex.o
 .text.HAL_NVIC_SetPriorityGrouping
                0x0000000008000d92       0x16 ./Drivers/STM32F4xx_HAL_Driver/Src/stm32f4xx_hal_cortex.o
                0x0000000008000d92                HAL_NVIC_SetPriorityGrouping
 .text.HAL_NVIC_SetPriority
                0x0000000008000da8       0x38 ./Drivers/STM32F4xx_HAL_Driver/Src/stm32f4xx_hal_cortex.o
                0x0000000008000da8                HAL_NVIC_SetPriority
 .text.HAL_NVIC_EnableIRQ
                0x0000000008000de0       0x1c ./Drivers/STM32F4xx_HAL_Driver/Src/stm32f4xx_hal_cortex.o
                0x0000000008000de0                HAL_NVIC_EnableIRQ
 .text.HAL_DMA_Abort
                0x0000000008000dfc       0xe0 ./Drivers/STM32F4xx_HAL_Driver/Src/stm32f4xx_hal_dma.o
                0x0000000008000dfc                HAL_DMA_Abort
 .text.HAL_DMA_Abort_IT
                0x0000000008000edc       0x44 ./Drivers/STM32F4xx_HAL_Driver/Src/stm32f4xx_hal_dma.o
                0x0000000008000edc                HAL_DMA_Abort_IT
 .text.HAL_GPIO_Init
                0x0000000008000f20      0x338 ./Drivers/STM32F4xx_HAL_Driver/Src/stm32f4xx_hal_gpio.o
                0x0000000008000f20                HAL_GPIO_Init
 .text.HAL_GPIO_WritePin
                0x0000000008001258       0x32 ./Drivers/STM32F4xx_HAL_Driver/Src/stm32f4xx_hal_gpio.o
                0x0000000008001258                HAL_GPIO_WritePin
 *fill*         0x000000000800128a        0x2 
 .text.HAL_RCC_OscConfig
                0x000000000800128c      0x4f0 ./Drivers/STM32F4xx_HAL_Driver/Src/stm32f4xx_hal_rcc.o
                0x000000000800128c                HAL_RCC_OscConfig
 .text.HAL_RCC_ClockConfig
                0x000000000800177c      0x1cc ./Drivers/STM32F4xx_HAL_Driver/Src/stm32f4xx_hal_rcc.o
                0x000000000800177c                HAL_RCC_ClockConfig
 .text.HAL_RCC_GetSysClockFreq
                0x0000000008001948      0x20c ./Drivers/STM32F4xx_HAL_Driver/Src/stm32f4xx_hal_rcc.o
                0x0000000008001948                HAL_RCC_GetSysClockFreq
 .text.HAL_RCC_GetHCLKFreq
                0x0000000008001b54       0x18 ./Drivers/STM32F4xx_HAL_Driver/Src/stm32f4xx_hal_rcc.o
                0x0000000008001b54                HAL_RCC_GetHCLKFreq
 .text.HAL_RCC_GetPCLK1Freq
                0x0000000008001b6c       0x28 ./Drivers/STM32F4xx_HAL_Driver/Src/stm32f4xx_hal_rcc.o
                0x0000000008001b6c                HAL_RCC_GetPCLK1Freq
 .text.HAL_RCC_GetPCLK2Freq
                0x0000000008001b94       0x28 ./Drivers/STM32F4xx_HAL_Driver/Src/stm32f4xx_hal_rcc.o
                0x0000000008001b94                HAL_RCC_GetPCLK2Freq
 .text.HAL_RCC_GetClockConfig
                0x0000000008001bbc       0x64 ./Drivers/STM32F4xx_HAL_Driver/Src/stm32f4xx_hal_rcc.o
                0x0000000008001bbc                HAL_RCC_GetClockConfig
 .text.HAL_TIM_Base_Init
                0x0000000008001c20       0x9e ./Drivers/STM32F4xx_HAL_Driver/Src/stm32f4xx_hal_tim.o
                0x0000000008001c20                HAL_TIM_Base_Init
 .text.HAL_TIM_Base_MspInit
                0x0000000008001cbe       0x14 ./Drivers/STM32F4xx_HAL_Driver/Src/stm32f4xx_hal_tim.o
                0x0000000008001cbe                HAL_TIM_Base_MspInit
 *fill*         0x0000000008001cd2        0x2 
 .text.HAL_TIM_Base_Start_IT
                0x0000000008001cd4       0xe0 ./Drivers/STM32F4xx_HAL_Driver/Src/stm32f4xx_hal_tim.o
                0x0000000008001cd4                HAL_TIM_Base_Start_IT
 .text.HAL_TIM_IRQHandler
                0x0000000008001db4      0x210 ./Drivers/STM32F4xx_HAL_Driver/Src/stm32f4xx_hal_tim.o
                0x0000000008001db4                HAL_TIM_IRQHandler
 .text.HAL_TIM_OC_DelayElapsedCallback
                0x0000000008001fc4       0x14 ./Drivers/STM32F4xx_HAL_Driver/Src/stm32f4xx_hal_tim.o
                0x0000000008001fc4                HAL_TIM_OC_DelayElapsedCallback
 .text.HAL_TIM_IC_CaptureCallback
                0x0000000008001fd8       0x14 ./Drivers/STM32F4xx_HAL_Driver/Src/stm32f4xx_hal_tim.o
                0x0000000008001fd8                HAL_TIM_IC_CaptureCallback
 .text.HAL_TIM_PWM_PulseFinishedCallback
                0x0000000008001fec       0x14 ./Drivers/STM32F4xx_HAL_Driver/Src/stm32f4xx_hal_tim.o
                0x0000000008001fec                HAL_TIM_PWM_PulseFinishedCallback
 .text.HAL_TIM_TriggerCallback
                0x0000000008002000       0x14 ./Drivers/STM32F4xx_HAL_Driver/Src/stm32f4xx_hal_tim.o
                0x0000000008002000                HAL_TIM_TriggerCallback
 .text.TIM_Base_SetConfig
                0x0000000008002014      0x140 ./Drivers/STM32F4xx_HAL_Driver/Src/stm32f4xx_hal_tim.o
                0x0000000008002014                TIM_Base_SetConfig
 .text.HAL_TIMEx_CommutCallback
                0x0000000008002154       0x14 ./Drivers/STM32F4xx_HAL_Driver/Src/stm32f4xx_hal_tim_ex.o
                0x0000000008002154                HAL_TIMEx_CommutCallback
 .text.HAL_TIMEx_BreakCallback
                0x0000000008002168       0x14 ./Drivers/STM32F4xx_HAL_Driver/Src/stm32f4xx_hal_tim_ex.o
                0x0000000008002168                HAL_TIMEx_BreakCallback
 .text.HAL_UART_Init
                0x000000000800217c       0x9a ./Drivers/STM32F4xx_HAL_Driver/Src/stm32f4xx_hal_uart.o
                0x000000000800217c                HAL_UART_Init
 *fill*         0x0000000008002216        0x2 
 .text.HAL_UART_IRQHandler
                0x0000000008002218      0x51c ./Drivers/STM32F4xx_HAL_Driver/Src/stm32f4xx_hal_uart.o
                0x0000000008002218                HAL_UART_IRQHandler
 .text.HAL_UART_TxCpltCallback
                0x0000000008002734       0x14 ./Drivers/STM32F4xx_HAL_Driver/Src/stm32f4xx_hal_uart.o
                0x0000000008002734                HAL_UART_TxCpltCallback
 .text.HAL_UART_RxCpltCallback
                0x0000000008002748       0x14 ./Drivers/STM32F4xx_HAL_Driver/Src/stm32f4xx_hal_uart.o
                0x0000000008002748                HAL_UART_RxCpltCallback
 .text.HAL_UART_ErrorCallback
                0x000000000800275c       0x14 ./Drivers/STM32F4xx_HAL_Driver/Src/stm32f4xx_hal_uart.o
                0x000000000800275c                HAL_UART_ErrorCallback
 .text.HAL_UARTEx_RxEventCallback
                0x0000000008002770       0x18 ./Drivers/STM32F4xx_HAL_Driver/Src/stm32f4xx_hal_uart.o
                0x0000000008002770                HAL_UARTEx_RxEventCallback
 .text.UART_EndRxTransfer
                0x0000000008002788       0xc6 ./Drivers/STM32F4xx_HAL_Driver/Src/stm32f4xx_hal_uart.o
 .text.UART_DMAAbortOnError
                0x000000000800284e       0x28 ./Drivers/STM32F4xx_HAL_Driver/Src/stm32f4xx_hal_uart.o
 .text.UART_Transmit_IT
                0x0000000008002876       0xa0 ./Drivers/STM32F4xx_HAL_Driver/Src/stm32f4xx_hal_uart.o
 .text.UART_EndTransmit_IT
                0x0000000008002916       0x30 ./Drivers/STM32F4xx_HAL_Driver/Src/stm32f4xx_hal_uart.o
 .text.UART_Receive_IT
                0x0000000008002946      0x176 ./Drivers/STM32F4xx_HAL_Driver/Src/stm32f4xx_hal_uart.o
 .text.UART_SetConfig
                0x0000000008002abc      0x4e8 ./Drivers/STM32F4xx_HAL_Driver/Src/stm32f4xx_hal_uart.o
 .text.vListInsertEnd
                0x0000000008002fa4       0x48 ./workable_common/ThirdParty/FreeRTOS/list.o
                0x0000000008002fa4                vListInsertEnd
 .text.uxListRemove
                0x0000000008002fec       0x54 ./workable_common/ThirdParty/FreeRTOS/list.o
                0x0000000008002fec                uxListRemove
 .text.xTaskIncrementTick
                0x0000000008003040      0x170 ./workable_common/ThirdParty/FreeRTOS/tasks.o
                0x0000000008003040                xTaskIncrementTick
 .text.vTaskSwitchContext
                0x00000000080031b0       0xb8 ./workable_common/ThirdParty/FreeRTOS/tasks.o
                0x00000000080031b0                vTaskSwitchContext
 .text.prvResetNextTaskUnblockTime
                0x0000000008003268       0x38 ./workable_common/ThirdParty/FreeRTOS/tasks.o
 .text.SVC_Handler
                0x00000000080032a0       0x28 ./workable_common/ThirdParty/FreeRTOS/portable/GCC/ARM_CM4F/port.o
                0x00000000080032a0                SVC_Handler
 *fill*         0x00000000080032c8        0x8 
 .text.PendSV_Handler
                0x00000000080032d0       0x68 ./workable_common/ThirdParty/FreeRTOS/portable/GCC/ARM_CM4F/port.o
                0x00000000080032d0                PendSV_Handler
 .text.SysTick_Handler
                0x0000000008003338       0x44 ./workable_common/ThirdParty/FreeRTOS/portable/GCC/ARM_CM4F/port.o
                0x0000000008003338                SysTick_Handler
 .text.__libc_init_array
                0x000000000800337c       0x48 c:/st/stm32cubeide_1.10.1/stm32cubeide/plugins/com.st.stm32cube.ide.mcu.externaltools.gnu-tools-for-stm32.10.3-2021.10.win32_1.0.0.202111181127/tools/bin/../lib/gcc/arm-none-eabi/10.3.1/../../../../arm-none-eabi/lib/thumb/v7e-m+fp/hard\libc_nano.a(lib_a-init.o)
                0x000000000800337c                __libc_init_array
 .text.memset   0x00000000080033c4       0x10 c:/st/stm32cubeide_1.10.1/stm32cubeide/plugins/com.st.stm32cube.ide.mcu.externaltools.gnu-tools-for-stm32.10.3-2021.10.win32_1.0.0.202111181127/tools/bin/../lib/gcc/arm-none-eabi/10.3.1/../../../../arm-none-eabi/lib/thumb/v7e-m+fp/hard\libc_nano.a(lib_a-memset.o)
                0x00000000080033c4                memset
 *(.glue_7)
 .glue_7        0x00000000080033d4        0x0 linker stubs
 *(.glue_7t)
 .glue_7t       0x00000000080033d4        0x0 linker stubs
 *(.eh_frame)
 .eh_frame      0x00000000080033d4        0x0 c:/st/stm32cubeide_1.10.1/stm32cubeide/plugins/com.st.stm32cube.ide.mcu.externaltools.gnu-tools-for-stm32.10.3-2021.10.win32_1.0.0.202111181127/tools/bin/../lib/gcc/arm-none-eabi/10.3.1/thumb/v7e-m+fp/hard/crtbegin.o
 *(.init)
 .init          0x00000000080033d4        0x4 c:/st/stm32cubeide_1.10.1/stm32cubeide/plugins/com.st.stm32cube.ide.mcu.externaltools.gnu-tools-for-stm32.10.3-2021.10.win32_1.0.0.202111181127/tools/bin/../lib/gcc/arm-none-eabi/10.3.1/thumb/v7e-m+fp/hard/crti.o
                0x00000000080033d4                _init
 .init          0x00000000080033d8        0x8 c:/st/stm32cubeide_1.10.1/stm32cubeide/plugins/com.st.stm32cube.ide.mcu.externaltools.gnu-tools-for-stm32.10.3-2021.10.win32_1.0.0.202111181127/tools/bin/../lib/gcc/arm-none-eabi/10.3.1/thumb/v7e-m+fp/hard/crtn.o
 *(.fini)
 .fini          0x00000000080033e0        0x4 c:/st/stm32cubeide_1.10.1/stm32cubeide/plugins/com.st.stm32cube.ide.mcu.externaltools.gnu-tools-for-stm32.10.3-2021.10.win32_1.0.0.202111181127/tools/bin/../lib/gcc/arm-none-eabi/10.3.1/thumb/v7e-m+fp/hard/crti.o
                0x00000000080033e0                _fini
 .fini          0x00000000080033e4        0x8 c:/st/stm32cubeide_1.10.1/stm32cubeide/plugins/com.st.stm32cube.ide.mcu.externaltools.gnu-tools-for-stm32.10.3-2021.10.win32_1.0.0.202111181127/tools/bin/../lib/gcc/arm-none-eabi/10.3.1/thumb/v7e-m+fp/hard/crtn.o
                0x00000000080033ec                . = ALIGN (0x4)
                0x00000000080033ec                _etext = .

.vfp11_veneer   0x00000000080033ec        0x0
 .vfp11_veneer  0x00000000080033ec        0x0 linker stubs

.v4_bx          0x00000000080033ec        0x0
 .v4_bx         0x00000000080033ec        0x0 linker stubs

.iplt           0x00000000080033ec        0x0
 .iplt          0x00000000080033ec        0x0 c:/st/stm32cubeide_1.10.1/stm32cubeide/plugins/com.st.stm32cube.ide.mcu.externaltools.gnu-tools-for-stm32.10.3-2021.10.win32_1.0.0.202111181127/tools/bin/../lib/gcc/arm-none-eabi/10.3.1/thumb/v7e-m+fp/hard/crtbegin.o

.rodata         0x00000000080033ec       0x18
                0x00000000080033ec                . = ALIGN (0x4)
 *(.rodata)
 *(.rodata*)
 .rodata.AHBPrescTable
                0x00000000080033ec       0x10 ./Core/Src/system_stm32f4xx.o
                0x00000000080033ec                AHBPrescTable
 .rodata.APBPrescTable
                0x00000000080033fc        0x8 ./Core/Src/system_stm32f4xx.o
                0x00000000080033fc                APBPrescTable
                0x0000000008003404                . = ALIGN (0x4)

.ARM.extab      0x0000000008003404        0x0
                0x0000000008003404                . = ALIGN (0x4)
 *(.ARM.extab* .gnu.linkonce.armextab.*)
                0x0000000008003404                . = ALIGN (0x4)

.ARM            0x0000000008003404        0x8
                0x0000000008003404                . = ALIGN (0x4)
                0x0000000008003404                __exidx_start = .
 *(.ARM.exidx*)
 .ARM.exidx     0x0000000008003404        0x8 c:/st/stm32cubeide_1.10.1/stm32cubeide/plugins/com.st.stm32cube.ide.mcu.externaltools.gnu-tools-for-stm32.10.3-2021.10.win32_1.0.0.202111181127/tools/bin/../lib/gcc/arm-none-eabi/10.3.1/thumb/v7e-m+fp/hard\libgcc.a(_udivmoddi4.o)
                0x000000000800340c                __exidx_end = .
                0x000000000800340c                . = ALIGN (0x4)

.rel.dyn        0x000000000800340c        0x0
 .rel.iplt      0x000000000800340c        0x0 c:/st/stm32cubeide_1.10.1/stm32cubeide/plugins/com.st.stm32cube.ide.mcu.externaltools.gnu-tools-for-stm32.10.3-2021.10.win32_1.0.0.202111181127/tools/bin/../lib/gcc/arm-none-eabi/10.3.1/thumb/v7e-m+fp/hard/crtbegin.o

.preinit_array  0x000000000800340c        0x0
                0x000000000800340c                . = ALIGN (0x4)
                0x000000000800340c                PROVIDE (__preinit_array_start = .)
 *(.preinit_array*)
                0x000000000800340c                PROVIDE (__preinit_array_end = .)
                0x000000000800340c                . = ALIGN (0x4)

.init_array     0x000000000800340c        0x4
                0x000000000800340c                . = ALIGN (0x4)
                0x000000000800340c                PROVIDE (__init_array_start = .)
 *(SORT_BY_NAME(.init_array.*))
 *(.init_array*)
 .init_array    0x000000000800340c        0x4 c:/st/stm32cubeide_1.10.1/stm32cubeide/plugins/com.st.stm32cube.ide.mcu.externaltools.gnu-tools-for-stm32.10.3-2021.10.win32_1.0.0.202111181127/tools/bin/../lib/gcc/arm-none-eabi/10.3.1/thumb/v7e-m+fp/hard/crtbegin.o
                0x0000000008003410                PROVIDE (__init_array_end = .)
                0x0000000008003410                . = ALIGN (0x4)

.fini_array     0x0000000008003410        0x4
                0x0000000008003410                . = ALIGN (0x4)
                [!provide]                        PROVIDE (__fini_array_start = .)
 *(SORT_BY_NAME(.fini_array.*))
 *(.fini_array*)
 .fini_array    0x0000000008003410        0x4 c:/st/stm32cubeide_1.10.1/stm32cubeide/plugins/com.st.stm32cube.ide.mcu.externaltools.gnu-tools-for-stm32.10.3-2021.10.win32_1.0.0.202111181127/tools/bin/../lib/gcc/arm-none-eabi/10.3.1/thumb/v7e-m+fp/hard/crtbegin.o
                [!provide]                        PROVIDE (__fini_array_end = .)
                0x0000000008003414                . = ALIGN (0x4)
                0x0000000008003414                _sidata = LOADADDR (.data)

.data           0x0000000020000000        0xc load address 0x0000000008003414
                0x0000000020000000                . = ALIGN (0x4)
                0x0000000020000000                _sdata = .
 *(.data)
 *(.data*)
 .data.SystemCoreClock
                0x0000000020000000        0x4 ./Core/Src/system_stm32f4xx.o
                0x0000000020000000                SystemCoreClock
 .data.uwTickPrio
                0x0000000020000004        0x4 ./Drivers/STM32F4xx_HAL_Driver/Src/stm32f4xx_hal.o
                0x0000000020000004                uwTickPrio
 .data.uwTickFreq
                0x0000000020000008        0x1 ./Drivers/STM32F4xx_HAL_Driver/Src/stm32f4xx_hal.o
                0x0000000020000008                uwTickFreq
 *(.RamFunc)
 *(.RamFunc*)
                0x000000002000000c                . = ALIGN (0x4)
 *fill*         0x0000000020000009        0x3 
                0x000000002000000c                _edata = .
                0x0000000008003420                _siccmram = LOADADDR (.ccmram)

.igot.plt       0x000000002000000c        0x0 load address 0x0000000008003420
 .igot.plt      0x000000002000000c        0x0 c:/st/stm32cubeide_1.10.1/stm32cubeide/plugins/com.st.stm32cube.ide.mcu.externaltools.gnu-tools-for-stm32.10.3-2021.10.win32_1.0.0.202111181127/tools/bin/../lib/gcc/arm-none-eabi/10.3.1/thumb/v7e-m+fp/hard/crtbegin.o

.ccmram         0x0000000010000000        0x0 load address 0x0000000008003420
                0x0000000010000000                . = ALIGN (0x4)
                0x0000000010000000                _sccmram = .
 *(.ccmram)
 *(.ccmram*)
                0x0000000010000000                . = ALIGN (0x4)
                0x0000000010000000                _eccmram = .
                0x0000000010000000                . = ALIGN (0x4)

.bss            0x000000002000000c      0x138
                0x000000002000000c                _sbss = .
                0x000000002000000c                __bss_start__ = _sbss
 *(.bss)
 .bss           0x000000002000000c       0x1c c:/st/stm32cubeide_1.10.1/stm32cubeide/plugins/com.st.stm32cube.ide.mcu.externaltools.gnu-tools-for-stm32.10.3-2021.10.win32_1.0.0.202111181127/tools/bin/../lib/gcc/arm-none-eabi/10.3.1/thumb/v7e-m+fp/hard/crtbegin.o
 *(.bss*)
 .bss.huart2    0x0000000020000028       0x44 ./Core/Src/main.o
                0x0000000020000028                huart2
 .bss.htim6     0x000000002000006c       0x48 ./Core/Src/stm32f4xx_hal_timebase_tim.o
                0x000000002000006c                htim6
 .bss.uwTick    0x00000000200000b4        0x4 ./Drivers/STM32F4xx_HAL_Driver/Src/stm32f4xx_hal.o
                0x00000000200000b4                uwTick
 .bss.pxCurrentTCB
                0x00000000200000b8        0x4 ./workable_common/ThirdParty/FreeRTOS/tasks.o
                0x00000000200000b8                pxCurrentTCB
 .bss.pxReadyTasksLists
                0x00000000200000bc       0x64 ./workable_common/ThirdParty/FreeRTOS/tasks.o
 .bss.pxDelayedTaskList
                0x0000000020000120        0x4 ./workable_common/ThirdParty/FreeRTOS/tasks.o
 .bss.pxOverflowDelayedTaskList
                0x0000000020000124        0x4 ./workable_common/ThirdParty/FreeRTOS/tasks.o
 .bss.xTickCount
                0x0000000020000128        0x4 ./workable_common/ThirdParty/FreeRTOS/tasks.o
 .bss.uxTopReadyPriority
                0x000000002000012c        0x4 ./workable_common/ThirdParty/FreeRTOS/tasks.o
 .bss.xPendedTicks
                0x0000000020000130        0x4 ./workable_common/ThirdParty/FreeRTOS/tasks.o
 .bss.xYieldPending
                0x0000000020000134        0x4 ./workable_common/ThirdParty/FreeRTOS/tasks.o
 .bss.xNumOfOverflows
                0x0000000020000138        0x4 ./workable_common/ThirdParty/FreeRTOS/tasks.o
 .bss.xNextTaskUnblockTime
                0x000000002000013c        0x4 ./workable_common/ThirdParty/FreeRTOS/tasks.o
 .bss.uxSchedulerSuspended
                0x0000000020000140        0x4 ./workable_common/ThirdParty/FreeRTOS/tasks.o
 *(COMMON)
                0x0000000020000144                . = ALIGN (0x4)
                0x0000000020000144                _ebss = .
                0x0000000020000144                __bss_end__ = _ebss

._user_heap_stack
                0x0000000020000144      0x604
                0x0000000020000148                . = ALIGN (0x8)
 *fill*         0x0000000020000144        0x4 
                [!provide]                        PROVIDE (end = .)
                0x0000000020000148                PROVIDE (_end = .)
                0x0000000020000348                . = (. + _Min_Heap_Size)
 *fill*         0x0000000020000148      0x200 
                0x0000000020000748                . = (. + _Min_Stack_Size)
 *fill*         0x0000000020000348      0x400 
                0x0000000020000748                . = ALIGN (0x8)

/DISCARD/
 libc.a(*)
 libm.a(*)
 libgcc.a(*)

.ARM.attributes
                0x0000000000000000       0x30
 *(.ARM.attributes)
 .ARM.attributes
                0x0000000000000000       0x1e c:/st/stm32cubeide_1.10.1/stm32cubeide/plugins/com.st.stm32cube.ide.mcu.externaltools.gnu-tools-for-stm32.10.3-2021.10.win32_1.0.0.202111181127/tools/bin/../lib/gcc/arm-none-eabi/10.3.1/thumb/v7e-m+fp/hard/crti.o
 .ARM.attributes
                0x000000000000001e       0x34 c:/st/stm32cubeide_1.10.1/stm32cubeide/plugins/com.st.stm32cube.ide.mcu.externaltools.gnu-tools-for-stm32.10.3-2021.10.win32_1.0.0.202111181127/tools/bin/../lib/gcc/arm-none-eabi/10.3.1/thumb/v7e-m+fp/hard/crtbegin.o
 .ARM.attributes
                0x0000000000000052       0x34 ./Core/Src/main.o
 .ARM.attributes
                0x0000000000000086       0x34 ./Core/Src/stm32f4xx_hal_msp.o
 .ARM.attributes
                0x00000000000000ba       0x34 ./Core/Src/stm32f4xx_hal_timebase_tim.o
 .ARM.attributes
                0x00000000000000ee       0x34 ./Core/Src/stm32f4xx_it.o
 .ARM.attributes
                0x0000000000000122       0x34 ./Core/Src/system_stm32f4xx.o
 .ARM.attributes
                0x0000000000000156       0x21 ./Core/Startup/startup_stm32f407vgtx.o
 .ARM.attributes
                0x0000000000000177       0x34 ./Drivers/STM32F4xx_HAL_Driver/Src/stm32f4xx_hal.o
 .ARM.attributes
                0x00000000000001ab       0x34 ./Drivers/STM32F4xx_HAL_Driver/Src/stm32f4xx_hal_cortex.o
 .ARM.attributes
                0x00000000000001df       0x34 ./Drivers/STM32F4xx_HAL_Driver/Src/stm32f4xx_hal_dma.o
 .ARM.attributes
                0x0000000000000213       0x34 ./Drivers/STM32F4xx_HAL_Driver/Src/stm32f4xx_hal_gpio.o
 .ARM.attributes
                0x0000000000000247       0x34 ./Drivers/STM32F4xx_HAL_Driver/Src/stm32f4xx_hal_rcc.o
 .ARM.attributes
                0x000000000000027b       0x34 ./Drivers/STM32F4xx_HAL_Driver/Src/stm32f4xx_hal_tim.o
 .ARM.attributes
                0x00000000000002af       0x34 ./Drivers/STM32F4xx_HAL_Driver/Src/stm32f4xx_hal_tim_ex.o
 .ARM.attributes
                0x00000000000002e3       0x34 ./Drivers/STM32F4xx_HAL_Driver/Src/stm32f4xx_hal_uart.o
 .ARM.attributes
                0x0000000000000317       0x34 ./workable_common/ThirdParty/FreeRTOS/list.o
 .ARM.attributes
                0x000000000000034b       0x34 ./workable_common/ThirdParty/FreeRTOS/tasks.o
 .ARM.attributes
                0x000000000000037f       0x34 ./workable_common/ThirdParty/FreeRTOS/portable/GCC/ARM_CM4F/port.o
 .ARM.attributes
                0x00000000000003b3       0x34 c:/st/stm32cubeide_1.10.1/stm32cubeide/plugins/com.st.stm32cube.ide.mcu.externaltools.gnu-tools-for-stm32.10.3-2021.10.win32_1.0.0.202111181127/tools/bin/../lib/gcc/arm-none-eabi/10.3.1/../../../../arm-none-eabi/lib/thumb/v7e-m+fp/hard\libc_nano.a(lib_a-init.o)
 .ARM.attributes
                0x00000000000003e7       0x34 c:/st/stm32cubeide_1.10.1/stm32cubeide/plugins/com.st.stm32cube.ide.mcu.externaltools.gnu-tools-for-stm32.10.3-2021.10.win32_1.0.0.202111181127/tools/bin/../lib/gcc/arm-none-eabi/10.3.1/../../../../arm-none-eabi/lib/thumb/v7e-m+fp/hard\libc_nano.a(lib_a-memset.o)
 .ARM.attributes
                0x000000000000041b       0x1e c:/st/stm32cubeide_1.10.1/stm32cubeide/plugins/com.st.stm32cube.ide.mcu.externaltools.gnu-tools-for-stm32.10.3-2021.10.win32_1.0.0.202111181127/tools/bin/../lib/gcc/arm-none-eabi/10.3.1/thumb/v7e-m+fp/hard\libgcc.a(_aeabi_uldivmod.o)
 .ARM.attributes
                0x0000000000000439       0x34 c:/st/stm32cubeide_1.10.1/stm32cubeide/plugins/com.st.stm32cube.ide.mcu.externaltools.gnu-tools-for-stm32.10.3-2021.10.win32_1.0.0.202111181127/tools/bin/../lib/gcc/arm-none-eabi/10.3.1/thumb/v7e-m+fp/hard\libgcc.a(_udivmoddi4.o)
 .ARM.attributes
                0x000000000000046d       0x1e c:/st/stm32cubeide_1.10.1/stm32cubeide/plugins/com.st.stm32cube.ide.mcu.externaltools.gnu-tools-for-stm32.10.3-2021.10.win32_1.0.0.202111181127/tools/bin/../lib/gcc/arm-none-eabi/10.3.1/thumb/v7e-m+fp/hard\libgcc.a(_dvmd_tls.o)
 .ARM.attributes
                0x000000000000048b       0x1e c:/st/stm32cubeide_1.10.1/stm32cubeide/plugins/com.st.stm32cube.ide.mcu.externaltools.gnu-tools-for-stm32.10.3-2021.10.win32_1.0.0.202111181127/tools/bin/../lib/gcc/arm-none-eabi/10.3.1/thumb/v7e-m+fp/hard/crtn.o
OUTPUT(Semaphore_Sync_Mutex.elf elf32-littlearm)
LOAD linker stubs
LOAD c:/st/stm32cubeide_1.10.1/stm32cubeide/plugins/com.st.stm32cube.ide.mcu.externaltools.gnu-tools-for-stm32.10.3-2021.10.win32_1.0.0.202111181127/tools/bin/../lib/gcc/arm-none-eabi/10.3.1/../../../../arm-none-eabi/lib/thumb/v7e-m+fp/hard\libc.a
LOAD c:/st/stm32cubeide_1.10.1/stm32cubeide/plugins/com.st.stm32cube.ide.mcu.externaltools.gnu-tools-for-stm32.10.3-2021.10.win32_1.0.0.202111181127/tools/bin/../lib/gcc/arm-none-eabi/10.3.1/../../../../arm-none-eabi/lib/thumb/v7e-m+fp/hard\libm.a
LOAD c:/st/stm32cubeide_1.10.1/stm32cubeide/plugins/com.st.stm32cube.ide.mcu.externaltools.gnu-tools-for-stm32.10.3-2021.10.win32_1.0.0.202111181127/tools/bin/../lib/gcc/arm-none-eabi/10.3.1/thumb/v7e-m+fp/hard\libgcc.a

.debug_info     0x0000000000000000    0x1083e
 .debug_info    0x0000000000000000      0xfd5 ./Core/Src/main.o
 .debug_info    0x0000000000000fd5      0xbdf ./Core/Src/stm32f4xx_hal_msp.o
 .debug_info    0x0000000000001bb4      0xc4b ./Core/Src/stm32f4xx_hal_timebase_tim.o
 .debug_info    0x00000000000027ff      0x9a2 ./Core/Src/stm32f4xx_it.o
 .debug_info    0x00000000000031a1      0x523 ./Core/Src/system_stm32f4xx.o
 .debug_info    0x00000000000036c4       0x22 ./Core/Startup/startup_stm32f407vgtx.o
 .debug_info    0x00000000000036e6      0x97c ./Drivers/STM32F4xx_HAL_Driver/Src/stm32f4xx_hal.o
 .debug_info    0x0000000000004062      0xe1b ./Drivers/STM32F4xx_HAL_Driver/Src/stm32f4xx_hal_cortex.o
 .debug_info    0x0000000000004e7d      0x94f ./Drivers/STM32F4xx_HAL_Driver/Src/stm32f4xx_hal_dma.o
 .debug_info    0x00000000000057cc      0x76a ./Drivers/STM32F4xx_HAL_Driver/Src/stm32f4xx_hal_gpio.o
 .debug_info    0x0000000000005f36      0x966 ./Drivers/STM32F4xx_HAL_Driver/Src/stm32f4xx_hal_rcc.o
 .debug_info    0x000000000000689c     0x2bbe ./Drivers/STM32F4xx_HAL_Driver/Src/stm32f4xx_hal_tim.o
 .debug_info    0x000000000000945a     0x15e0 ./Drivers/STM32F4xx_HAL_Driver/Src/stm32f4xx_hal_tim_ex.o
 .debug_info    0x000000000000aa3a     0x31bc ./Drivers/STM32F4xx_HAL_Driver/Src/stm32f4xx_hal_uart.o
 .debug_info    0x000000000000dbf6      0x2d1 ./workable_common/ThirdParty/FreeRTOS/list.o
 .debug_info    0x000000000000dec7     0x23c8 ./workable_common/ThirdParty/FreeRTOS/tasks.o
 .debug_info    0x000000000001028f      0x5af ./workable_common/ThirdParty/FreeRTOS/portable/GCC/ARM_CM4F/port.o

.debug_abbrev   0x0000000000000000     0x2346
 .debug_abbrev  0x0000000000000000      0x28e ./Core/Src/main.o
 .debug_abbrev  0x000000000000028e      0x1b9 ./Core/Src/stm32f4xx_hal_msp.o
 .debug_abbrev  0x0000000000000447      0x1e6 ./Core/Src/stm32f4xx_hal_timebase_tim.o
 .debug_abbrev  0x000000000000062d      0x178 ./Core/Src/stm32f4xx_it.o
 .debug_abbrev  0x00000000000007a5      0x116 ./Core/Src/system_stm32f4xx.o
 .debug_abbrev  0x00000000000008bb       0x12 ./Core/Startup/startup_stm32f407vgtx.o
 .debug_abbrev  0x00000000000008cd      0x20d ./Drivers/STM32F4xx_HAL_Driver/Src/stm32f4xx_hal.o
 .debug_abbrev  0x0000000000000ada      0x316 ./Drivers/STM32F4xx_HAL_Driver/Src/stm32f4xx_hal_cortex.o
 .debug_abbrev  0x0000000000000df0      0x25b ./Drivers/STM32F4xx_HAL_Driver/Src/stm32f4xx_hal_dma.o
 .debug_abbrev  0x000000000000104b      0x1c4 ./Drivers/STM32F4xx_HAL_Driver/Src/stm32f4xx_hal_gpio.o
 .debug_abbrev  0x000000000000120f      0x2aa ./Drivers/STM32F4xx_HAL_Driver/Src/stm32f4xx_hal_rcc.o
 .debug_abbrev  0x00000000000014b9      0x25d ./Drivers/STM32F4xx_HAL_Driver/Src/stm32f4xx_hal_tim.o
 .debug_abbrev  0x0000000000001716      0x265 ./Drivers/STM32F4xx_HAL_Driver/Src/stm32f4xx_hal_tim_ex.o
 .debug_abbrev  0x000000000000197b      0x2f4 ./Drivers/STM32F4xx_HAL_Driver/Src/stm32f4xx_hal_uart.o
 .debug_abbrev  0x0000000000001c6f       0xf2 ./workable_common/ThirdParty/FreeRTOS/list.o
 .debug_abbrev  0x0000000000001d61      0x38c ./workable_common/ThirdParty/FreeRTOS/tasks.o
 .debug_abbrev  0x00000000000020ed      0x259 ./workable_common/ThirdParty/FreeRTOS/portable/GCC/ARM_CM4F/port.o

.debug_aranges  0x0000000000000000      0xee0
 .debug_aranges
                0x0000000000000000       0x48 ./Core/Src/main.o
 .debug_aranges
                0x0000000000000048       0x30 ./Core/Src/stm32f4xx_hal_msp.o
 .debug_aranges
                0x0000000000000078       0x30 ./Core/Src/stm32f4xx_hal_timebase_tim.o
 .debug_aranges
                0x00000000000000a8       0x58 ./Core/Src/stm32f4xx_it.o
 .debug_aranges
                0x0000000000000100       0x28 ./Core/Src/system_stm32f4xx.o
 .debug_aranges
                0x0000000000000128       0x28 ./Core/Startup/startup_stm32f407vgtx.o
 .debug_aranges
                0x0000000000000150       0xf0 ./Drivers/STM32F4xx_HAL_Driver/Src/stm32f4xx_hal.o
 .debug_aranges
                0x0000000000000240      0x118 ./Drivers/STM32F4xx_HAL_Driver/Src/stm32f4xx_hal_cortex.o
 .debug_aranges
                0x0000000000000358       0x90 ./Drivers/STM32F4xx_HAL_Driver/Src/stm32f4xx_hal_dma.o
 .debug_aranges
                0x00000000000003e8       0x58 ./Drivers/STM32F4xx_HAL_Driver/Src/stm32f4xx_hal_gpio.o
 .debug_aranges
                0x0000000000000440       0x88 ./Drivers/STM32F4xx_HAL_Driver/Src/stm32f4xx_hal_rcc.o
 .debug_aranges
                0x00000000000004c8      0x3d0 ./Drivers/STM32F4xx_HAL_Driver/Src/stm32f4xx_hal_tim.o
 .debug_aranges
                0x0000000000000898      0x168 ./Drivers/STM32F4xx_HAL_Driver/Src/stm32f4xx_hal_tim_ex.o
 .debug_aranges
                0x0000000000000a00      0x200 ./Drivers/STM32F4xx_HAL_Driver/Src/stm32f4xx_hal_uart.o
 .debug_aranges
                0x0000000000000c00       0x40 ./workable_common/ThirdParty/FreeRTOS/list.o
 .debug_aranges
                0x0000000000000c40      0x218 ./workable_common/ThirdParty/FreeRTOS/tasks.o
 .debug_aranges
                0x0000000000000e58       0x88 ./workable_common/ThirdParty/FreeRTOS/portable/GCC/ARM_CM4F/port.o

.debug_ranges   0x0000000000000000      0xe08
 .debug_ranges  0x0000000000000000       0x38 ./Core/Src/main.o
 .debug_ranges  0x0000000000000038       0x20 ./Core/Src/stm32f4xx_hal_msp.o
 .debug_ranges  0x0000000000000058       0x20 ./Core/Src/stm32f4xx_hal_timebase_tim.o
 .debug_ranges  0x0000000000000078       0x48 ./Core/Src/stm32f4xx_it.o
 .debug_ranges  0x00000000000000c0       0x18 ./Core/Src/system_stm32f4xx.o
 .debug_ranges  0x00000000000000d8       0x20 ./Core/Startup/startup_stm32f407vgtx.o
 .debug_ranges  0x00000000000000f8       0xe0 ./Drivers/STM32F4xx_HAL_Driver/Src/stm32f4xx_hal.o
 .debug_ranges  0x00000000000001d8      0x108 ./Drivers/STM32F4xx_HAL_Driver/Src/stm32f4xx_hal_cortex.o
 .debug_ranges  0x00000000000002e0       0x80 ./Drivers/STM32F4xx_HAL_Driver/Src/stm32f4xx_hal_dma.o
 .debug_ranges  0x0000000000000360       0x48 ./Drivers/STM32F4xx_HAL_Driver/Src/stm32f4xx_hal_gpio.o
 .debug_ranges  0x00000000000003a8       0x78 ./Drivers/STM32F4xx_HAL_Driver/Src/stm32f4xx_hal_rcc.o
 .debug_ranges  0x0000000000000420      0x3c0 ./Drivers/STM32F4xx_HAL_Driver/Src/stm32f4xx_hal_tim.o
 .debug_ranges  0x00000000000007e0      0x158 ./Drivers/STM32F4xx_HAL_Driver/Src/stm32f4xx_hal_tim_ex.o
 .debug_ranges  0x0000000000000938      0x220 ./Drivers/STM32F4xx_HAL_Driver/Src/stm32f4xx_hal_uart.o
 .debug_ranges  0x0000000000000b58       0x30 ./workable_common/ThirdParty/FreeRTOS/list.o
 .debug_ranges  0x0000000000000b88      0x208 ./workable_common/ThirdParty/FreeRTOS/tasks.o
 .debug_ranges  0x0000000000000d90       0x78 ./workable_common/ThirdParty/FreeRTOS/portable/GCC/ARM_CM4F/port.o

.debug_macro    0x0000000000000000    0x20a5e
 .debug_macro   0x0000000000000000      0x1dd ./Core/Src/main.o
 .debug_macro   0x00000000000001dd      0xa78 ./Core/Src/main.o
 .debug_macro   0x0000000000000c55      0x29b ./Core/Src/main.o
 .debug_macro   0x0000000000000ef0       0x2e ./Core/Src/main.o
 .debug_macro   0x0000000000000f1e       0x2f ./Core/Src/main.o
 .debug_macro   0x0000000000000f4d       0x22 ./Core/Src/main.o
 .debug_macro   0x0000000000000f6f       0x8e ./Core/Src/main.o
 .debug_macro   0x0000000000000ffd       0x51 ./Core/Src/main.o
 .debug_macro   0x000000000000104e      0x103 ./Core/Src/main.o
 .debug_macro   0x0000000000001151       0x6a ./Core/Src/main.o
 .debug_macro   0x00000000000011bb      0x1df ./Core/Src/main.o
 .debug_macro   0x000000000000139a       0x1c ./Core/Src/main.o
 .debug_macro   0x00000000000013b6       0x22 ./Core/Src/main.o
 .debug_macro   0x00000000000013d8       0xd9 ./Core/Src/main.o
 .debug_macro   0x00000000000014b1     0x102d ./Core/Src/main.o
 .debug_macro   0x00000000000024de      0x11f ./Core/Src/main.o
 .debug_macro   0x00000000000025fd    0x15e82 ./Core/Src/main.o
 .debug_macro   0x000000000001847f       0x6d ./Core/Src/main.o
 .debug_macro   0x00000000000184ec     0x367e ./Core/Src/main.o
 .debug_macro   0x000000000001bb6a      0x174 ./Core/Src/main.o
 .debug_macro   0x000000000001bcde       0x5c ./Core/Src/main.o
 .debug_macro   0x000000000001bd3a      0x96b ./Core/Src/main.o
 .debug_macro   0x000000000001c6a5      0x9fe ./Core/Src/main.o
 .debug_macro   0x000000000001d0a3      0x115 ./Core/Src/main.o
 .debug_macro   0x000000000001d1b8      0x13e ./Core/Src/main.o
 .debug_macro   0x000000000001d2f6       0xa5 ./Core/Src/main.o
 .debug_macro   0x000000000001d39b      0x174 ./Core/Src/main.o
 .debug_macro   0x000000000001d50f      0x287 ./Core/Src/main.o
 .debug_macro   0x000000000001d796       0x5f ./Core/Src/main.o
 .debug_macro   0x000000000001d7f5      0x236 ./Core/Src/main.o
 .debug_macro   0x000000000001da2b      0x12c ./Core/Src/main.o
 .debug_macro   0x000000000001db57      0x21e ./Core/Src/main.o
 .debug_macro   0x000000000001dd75       0x2e ./Core/Src/main.o
 .debug_macro   0x000000000001dda3      0x11a ./Core/Src/main.o
 .debug_macro   0x000000000001debd       0x7e ./Core/Src/main.o
 .debug_macro   0x000000000001df3b       0x89 ./Core/Src/main.o
 .debug_macro   0x000000000001dfc4      0x8e6 ./Core/Src/main.o
 .debug_macro   0x000000000001e8aa       0x47 ./Core/Src/main.o
 .debug_macro   0x000000000001e8f1      0x295 ./Core/Src/main.o
 .debug_macro   0x000000000001eb86      0x12d ./Core/Src/main.o
 .debug_macro   0x000000000001ecb3      0x190 ./Core/Src/main.o
 .debug_macro   0x000000000001ee43      0x1dd ./Core/Src/stm32f4xx_hal_msp.o
 .debug_macro   0x000000000001f020      0x1ce ./Core/Src/stm32f4xx_hal_timebase_tim.o
 .debug_macro   0x000000000001f1ee      0x1e7 ./Core/Src/stm32f4xx_it.o
 .debug_macro   0x000000000001f3d5      0x1ce ./Core/Src/system_stm32f4xx.o
 .debug_macro   0x000000000001f5a3      0x22e ./Drivers/STM32F4xx_HAL_Driver/Src/stm32f4xx_hal.o
 .debug_macro   0x000000000001f7d1      0x1ce ./Drivers/STM32F4xx_HAL_Driver/Src/stm32f4xx_hal_cortex.o
 .debug_macro   0x000000000001f99f      0x1d4 ./Drivers/STM32F4xx_HAL_Driver/Src/stm32f4xx_hal_dma.o
 .debug_macro   0x000000000001fb73      0x1d4 ./Drivers/STM32F4xx_HAL_Driver/Src/stm32f4xx_hal_gpio.o
 .debug_macro   0x000000000001fd47      0x1f2 ./Drivers/STM32F4xx_HAL_Driver/Src/stm32f4xx_hal_rcc.o
 .debug_macro   0x000000000001ff39      0x1cf ./Drivers/STM32F4xx_HAL_Driver/Src/stm32f4xx_hal_tim.o
 .debug_macro   0x0000000000020108      0x1ce ./Drivers/STM32F4xx_HAL_Driver/Src/stm32f4xx_hal_tim_ex.o
 .debug_macro   0x00000000000202d6      0x1cf ./Drivers/STM32F4xx_HAL_Driver/Src/stm32f4xx_hal_uart.o
 .debug_macro   0x00000000000204a5      0x193 ./workable_common/ThirdParty/FreeRTOS/list.o
 .debug_macro   0x0000000000020638      0x280 ./workable_common/ThirdParty/FreeRTOS/tasks.o
 .debug_macro   0x00000000000208b8       0x10 ./workable_common/ThirdParty/FreeRTOS/tasks.o
 .debug_macro   0x00000000000208c8      0x196 ./workable_common/ThirdParty/FreeRTOS/portable/GCC/ARM_CM4F/port.o

.debug_line     0x0000000000000000    0x10b76
 .debug_line    0x0000000000000000      0x870 ./Core/Src/main.o
 .debug_line    0x0000000000000870      0x70b ./Core/Src/stm32f4xx_hal_msp.o
 .debug_line    0x0000000000000f7b      0x735 ./Core/Src/stm32f4xx_hal_timebase_tim.o
 .debug_line    0x00000000000016b0      0x770 ./Core/Src/stm32f4xx_it.o
 .debug_line    0x0000000000001e20      0x73d ./Core/Src/system_stm32f4xx.o
 .debug_line    0x000000000000255d       0x88 ./Core/Startup/startup_stm32f407vgtx.o
 .debug_line    0x00000000000025e5      0x9a3 ./Drivers/STM32F4xx_HAL_Driver/Src/stm32f4xx_hal.o
 .debug_line    0x0000000000002f88      0xc52 ./Drivers/STM32F4xx_HAL_Driver/Src/stm32f4xx_hal_cortex.o
 .debug_line    0x0000000000003bda      0xf07 ./Drivers/STM32F4xx_HAL_Driver/Src/stm32f4xx_hal_dma.o
 .debug_line    0x0000000000004ae1      0xb17 ./Drivers/STM32F4xx_HAL_Driver/Src/stm32f4xx_hal_gpio.o
 .debug_line    0x00000000000055f8      0xd1f ./Drivers/STM32F4xx_HAL_Driver/Src/stm32f4xx_hal_rcc.o
 .debug_line    0x0000000000006317     0x3697 ./Drivers/STM32F4xx_HAL_Driver/Src/stm32f4xx_hal_tim.o
 .debug_line    0x00000000000099ae     0x19a0 ./Drivers/STM32F4xx_HAL_Driver/Src/stm32f4xx_hal_tim_ex.o
 .debug_line    0x000000000000b34e     0x2a48 ./Drivers/STM32F4xx_HAL_Driver/Src/stm32f4xx_hal_uart.o
 .debug_line    0x000000000000dd96      0x764 ./workable_common/ThirdParty/FreeRTOS/list.o
 .debug_line    0x000000000000e4fa     0x1e02 ./workable_common/ThirdParty/FreeRTOS/tasks.o
 .debug_line    0x00000000000102fc      0x87a ./workable_common/ThirdParty/FreeRTOS/portable/GCC/ARM_CM4F/port.o

.debug_str      0x0000000000000000    0xd199c
 .debug_str     0x0000000000000000    0xc4474 ./Core/Src/main.o
                                      0xc47bd (size before relaxing)
 .debug_str     0x00000000000c4474      0x57d ./Core/Src/stm32f4xx_hal_msp.o
                                      0xc4819 (size before relaxing)
 .debug_str     0x00000000000c49f1      0x107 ./Core/Src/stm32f4xx_hal_timebase_tim.o
                                      0xc4330 (size before relaxing)
 .debug_str     0x00000000000c4af8       0xdf ./Core/Src/stm32f4xx_it.o
                                      0xc44c7 (size before relaxing)
 .debug_str     0x00000000000c4bd7       0xdb ./Core/Src/system_stm32f4xx.o
                                      0xc3839 (size before relaxing)
 .debug_str     0x00000000000c4cb2       0x36 ./Core/Startup/startup_stm32f407vgtx.o
                                         0x79 (size before relaxing)
 .debug_str     0x00000000000c4ce8      0x5d3 ./Drivers/STM32F4xx_HAL_Driver/Src/stm32f4xx_hal.o
                                      0xc43bd (size before relaxing)
 .debug_str     0x00000000000c52bb      0x326 ./Drivers/STM32F4xx_HAL_Driver/Src/stm32f4xx_hal_cortex.o
                                      0xc40f0 (size before relaxing)
 .debug_str     0x00000000000c55e1      0x323 ./Drivers/STM32F4xx_HAL_Driver/Src/stm32f4xx_hal_dma.o
                                      0xc3c53 (size before relaxing)
 .debug_str     0x00000000000c5904      0x121 ./Drivers/STM32F4xx_HAL_Driver/Src/stm32f4xx_hal_gpio.o
                                      0xc39b4 (size before relaxing)
 .debug_str     0x00000000000c5a25      0x1fd ./Drivers/STM32F4xx_HAL_Driver/Src/stm32f4xx_hal_rcc.o
                                      0xc3c6d (size before relaxing)
 .debug_str     0x00000000000c5c22      0xe3c ./Drivers/STM32F4xx_HAL_Driver/Src/stm32f4xx_hal_tim.o
                                      0xc4bb3 (size before relaxing)
 .debug_str     0x00000000000c6a5e      0x503 ./Drivers/STM32F4xx_HAL_Driver/Src/stm32f4xx_hal_tim_ex.o
                                      0xc43cf (size before relaxing)
 .debug_str     0x00000000000c6f61      0x5e9 ./Drivers/STM32F4xx_HAL_Driver/Src/stm32f4xx_hal_uart.o
                                      0xc420c (size before relaxing)
 .debug_str     0x00000000000c754a     0x6a8c ./workable_common/ThirdParty/FreeRTOS/list.o
                                       0xa9fb (size before relaxing)
 .debug_str     0x00000000000cdfd6     0x3216 ./workable_common/ThirdParty/FreeRTOS/tasks.o
                                       0xdc76 (size before relaxing)
 .debug_str     0x00000000000d11ec      0x7b0 ./workable_common/ThirdParty/FreeRTOS/portable/GCC/ARM_CM4F/port.o
                                       0x94fb (size before relaxing)

.comment        0x0000000000000000       0x50
 .comment       0x0000000000000000       0x50 ./Core/Src/main.o
                                         0x51 (size before relaxing)
 .comment       0x0000000000000050       0x51 ./Core/Src/stm32f4xx_hal_msp.o
 .comment       0x0000000000000050       0x51 ./Core/Src/stm32f4xx_hal_timebase_tim.o
 .comment       0x0000000000000050       0x51 ./Core/Src/stm32f4xx_it.o
 .comment       0x0000000000000050       0x51 ./Core/Src/system_stm32f4xx.o
 .comment       0x0000000000000050       0x51 ./Drivers/STM32F4xx_HAL_Driver/Src/stm32f4xx_hal.o
 .comment       0x0000000000000050       0x51 ./Drivers/STM32F4xx_HAL_Driver/Src/stm32f4xx_hal_cortex.o
 .comment       0x0000000000000050       0x51 ./Drivers/STM32F4xx_HAL_Driver/Src/stm32f4xx_hal_dma.o
 .comment       0x0000000000000050       0x51 ./Drivers/STM32F4xx_HAL_Driver/Src/stm32f4xx_hal_gpio.o
 .comment       0x0000000000000050       0x51 ./Drivers/STM32F4xx_HAL_Driver/Src/stm32f4xx_hal_rcc.o
 .comment       0x0000000000000050       0x51 ./Drivers/STM32F4xx_HAL_Driver/Src/stm32f4xx_hal_tim.o
 .comment       0x0000000000000050       0x51 ./Drivers/STM32F4xx_HAL_Driver/Src/stm32f4xx_hal_tim_ex.o
 .comment       0x0000000000000050       0x51 ./Drivers/STM32F4xx_HAL_Driver/Src/stm32f4xx_hal_uart.o
 .comment       0x0000000000000050       0x51 ./workable_common/ThirdParty/FreeRTOS/list.o
 .comment       0x0000000000000050       0x51 ./workable_common/ThirdParty/FreeRTOS/tasks.o
 .comment       0x0000000000000050       0x51 ./workable_common/ThirdParty/FreeRTOS/portable/GCC/ARM_CM4F/port.o

.debug_frame    0x0000000000000000     0x3e44
 .debug_frame   0x0000000000000000       0xd0 ./Core/Src/main.o
 .debug_frame   0x00000000000000d0       0x80 ./Core/Src/stm32f4xx_hal_msp.o
 .debug_frame   0x0000000000000150       0x74 ./Core/Src/stm32f4xx_hal_timebase_tim.o
 .debug_frame   0x00000000000001c4       0xe0 ./Core/Src/stm32f4xx_it.o
 .debug_frame   0x00000000000002a4       0x58 ./Core/Src/system_stm32f4xx.o
 .debug_frame   0x00000000000002fc      0x374 ./Drivers/STM32F4xx_HAL_Driver/Src/stm32f4xx_hal.o
 .debug_frame   0x0000000000000670      0x498 ./Drivers/STM32F4xx_HAL_Driver/Src/stm32f4xx_hal_cortex.o
 .debug_frame   0x0000000000000b08      0x250 ./Drivers/STM32F4xx_HAL_Driver/Src/stm32f4xx_hal_dma.o
 .debug_frame   0x0000000000000d58      0x14c ./Drivers/STM32F4xx_HAL_Driver/Src/stm32f4xx_hal_gpio.o
 .debug_frame   0x0000000000000ea4      0x1f4 ./Drivers/STM32F4xx_HAL_Driver/Src/stm32f4xx_hal_rcc.o
 .debug_frame   0x0000000000001098     0x11c4 ./Drivers/STM32F4xx_HAL_Driver/Src/stm32f4xx_hal_tim.o
 .debug_frame   0x000000000000225c      0x638 ./Drivers/STM32F4xx_HAL_Driver/Src/stm32f4xx_hal_tim_ex.o
 .debug_frame   0x0000000000002894      0x92c ./Drivers/STM32F4xx_HAL_Driver/Src/stm32f4xx_hal_uart.o
 .debug_frame   0x00000000000031c0       0xd8 ./workable_common/ThirdParty/FreeRTOS/list.o
 .debug_frame   0x0000000000003298      0x930 ./workable_common/ThirdParty/FreeRTOS/tasks.o
 .debug_frame   0x0000000000003bc8      0x1d0 ./workable_common/ThirdParty/FreeRTOS/portable/GCC/ARM_CM4F/port.o
 .debug_frame   0x0000000000003d98       0x2c c:/st/stm32cubeide_1.10.1/stm32cubeide/plugins/com.st.stm32cube.ide.mcu.externaltools.gnu-tools-for-stm32.10.3-2021.10.win32_1.0.0.202111181127/tools/bin/../lib/gcc/arm-none-eabi/10.3.1/../../../../arm-none-eabi/lib/thumb/v7e-m+fp/hard\libc_nano.a(lib_a-init.o)
 .debug_frame   0x0000000000003dc4       0x20 c:/st/stm32cubeide_1.10.1/stm32cubeide/plugins/com.st.stm32cube.ide.mcu.externaltools.gnu-tools-for-stm32.10.3-2021.10.win32_1.0.0.202111181127/tools/bin/../lib/gcc/arm-none-eabi/10.3.1/../../../../arm-none-eabi/lib/thumb/v7e-m+fp/hard\libc_nano.a(lib_a-memset.o)
 .debug_frame   0x0000000000003de4       0x2c c:/st/stm32cubeide_1.10.1/stm32cubeide/plugins/com.st.stm32cube.ide.mcu.externaltools.gnu-tools-for-stm32.10.3-2021.10.win32_1.0.0.202111181127/tools/bin/../lib/gcc/arm-none-eabi/10.3.1/thumb/v7e-m+fp/hard\libgcc.a(_aeabi_uldivmod.o)
 .debug_frame   0x0000000000003e10       0x34 c:/st/stm32cubeide_1.10.1/stm32cubeide/plugins/com.st.stm32cube.ide.mcu.externaltools.gnu-tools-for-stm32.10.3-2021.10.win32_1.0.0.202111181127/tools/bin/../lib/gcc/arm-none-eabi/10.3.1/thumb/v7e-m+fp/hard\libgcc.a(_udivmoddi4.o)
