../Core/Src/main.c:87:5:main	32	static,ignoring_inline_asm
../Core/Src/main.c:152:6:SystemClock_Config	88	static
../Core/Src/main.c:199:13:MX_USART2_UART_Init	8	static
../Core/Src/main.c:232:13:MX_GPIO_Init	56	static
../Core/Src/main.c:366:13:printmsg	16	static
../Core/Src/main.c:371:13:manager_task_handler	40	static,ignoring_inline_asm
../Core/Src/main.c:398:13:employee_task_handler	32	static
../Core/Src/main.c:433:6:HAL_TIM_PeriodElapsedCallback	16	static
../Core/Src/main.c:450:6:Error_Handler	4	static,ignoring_inline_asm
